KAZUM1MAC:~ kazunorifujimoto$ cd /Users/kazunorifujimoto/Desktop/kadai_1107
KAZUM1MAC:kadai_1107 kazunorifujimoto$ git mkdir git_challenge
git: 'mkdir' is not a git command. See 'git --help'.
KAZUM1MAC:kadai_1107 kazunorifujimoto$ mkdir git_challenge
KAZUM1MAC:kadai_1107 kazunorifujimoto$ cd git_challenge
KAZUM1MAC:git_challenge kazunorifujimoto$ git init
Initialized empty Git repository in /Users/kazunorifujimoto/Desktop/kadai_1107/git_challenge/.git/
KAZUM1MAC:git_challenge kazunorifujimoto$ git add hello_world.txt
KAZUM1MAC:git_challenge kazunorifujimoto$ git commit -m "helloworldのコミット"
[main (root-commit) 541b573] helloworldのコミット
 1 file changed, 1 insertion(+)
 create mode 100644 hello_world.txt
KAZUM1MAC:git_challenge kazunorifujimoto$  git status
On branch main
nothing to commit, working tree clean
KAZUM1MAC:git_challenge kazunorifujimoto$ git log
commit 541b5737265c3d12edad250c82defc95b4eadb3d (HEAD -> main)
Author: wecandoitjapan <kazunori.fujimoto.1981@gmail.com>
Date:   Thu Nov 7 08:17:51 2024 +0900

    helloworldのコミット
KAZUM1MAC:git_challenge kazunorifujimoto$ git add hello_world.txt
KAZUM1MAC:git_challenge kazunorifujimoto$ git commmit -m "こんちは、世界！２回目のコミット"
git: 'commmit' is not a git command. See 'git --help'.

The most similar command is
        commit
KAZUM1MAC:git_challenge kazunorifujimoto$ git commit -m "こんにちは、世界！２回目のコミット"
[main 37fa823] こんにちは、世界！２回目のコミット
 1 file changed, 2 insertions(+), 1 deletion(-)
KAZUM1MAC:git_challenge kazunorifujimoto$ git status
On branch main
nothing to commit, working tree clean
KAZUM1MAC:git_challenge kazunorifujimoto$ git log
commit 37fa82324e24bde61b737932af6017e7bc0f2bd9 (HEAD -> main)
Author: wecandoitjapan <kazunori.fujimoto.1981@gmail.com>
Date:   Thu Nov 7 08:23:05 2024 +0900

    こんにちは、世界！２回目のコミット

commit 541b5737265c3d12edad250c82defc95b4eadb3d
Author: wecandoitjapan <kazunori.fujimoto.1981@gmail.com>
Date:   Thu Nov 7 08:17:51 2024 +0900

    helloworldのコミット
KAZUM1MAC:git_challenge kazunorifujimoto$ git log --online
fatal: unrecognized argument: --online
KAZUM1MAC:git_challenge kazunorifujimoto$ git log --oneline
37fa823 (HEAD -> main) こんにちは、世界！２回目のコミット
541b573 helloworldのコミット
KAZUM1MAC:git_challenge kazunorifujimoto$ 